#en.wikipedia
14[[07Special:Log/abusefilter14]]4 hit10 02 5* 03Youths Digest & The News Digest 5*  10Youths Digest & The News Digest triggered [[Special:AbuseFilter/148|filter 148]], performing the action "edit" on [[02Draft:The News Digest10]]. Actions taken: Warn ([[Special:AbuseLog/25505615|details]])
