#en.wikipedia
14[[07Template:AFC statistics/pending14]]4 MB10 02https://en.wikipedia.org/w/index.php?diff=929143609&oldid=929136289 5* 03EarwigBot 5* (-879) 10[[WP:Bots|Bot]] · [[User:EarwigBot#Task 2|Task 2]] · Updating statistics for [[WP:WPAFC|WikiProject Articles for creation]].
