#ru.wikipedia
14[[07Российская оккупация Харьковской области14]]4 M10 02https://ru.wikipedia.org/w/index.php?diff=140520812&oldid=140417539 5* 03A lost forgotten sad spirit 5* (+0) 10
