#wikidata.wikipedia
14[[07Q13039302414]]4 N10 02https://www.wikidata.org/w/index.php?oldid=2255252704&rcid=2322341979 5* 03Theilert 5* (+677) 10/* wbeditentity-create-item:0| */
