#fr.wiktionary
14[[07cioccarmi14]]4 10 02https://fr.wiktionary.org/w/index.php?diff=36117855&oldid=35605161&rcid=55713190 5* 03DE8AH 5* (+16) 10+ pron.
