#ca.wikipedia
14[[07George Blagden14]]4 !M10 02https://ca.wikipedia.org/w/index.php?diff=34067125&oldid=34067114&rcid=128015173 5* 03Suc de pinya 5* (+34) 10
