#commons.wikimedia
14[[07File:LL-Q809 (pol)-Olaf-wymyślność.wav14]]4 B10 02https://commons.wikimedia.org/w/index.php?diff=931281121&oldid=903607558&rcid=2608091866 5* 03SchlurcherBot 5* (+1965) 10/* wbeditentity-update:0| */ automatically adding [[Commons:Structured data|structured data]] based on file information
