#commons.wikimedia
14[[07File:1973 White VW Thing @ 2019 DC Bug Jam-02.jpg14]]4 !10 02https://commons.wikimedia.org/w/index.php?diff=931281123&oldid=930720942&rcid=2608091869 5* 03Somegreenguy 5* (-38) 10Removing from [[Category:November 2019 in Florida]]
