#wikidata.wikipedia
14[[07Q8769790414]]4 B10 02https://www.wikidata.org/w/index.php?diff=2255252688&oldid=2164113324&rcid=2322341971 5* 03Twofivesixbot 5* (-1785) 10/* wbeditentity-update-languages-and-other-short:0||gl, mul, an, ia, en, oc, pt, la, ca, io, ast, vo, pt-br, fr, nl, eu, ga, ar, de, ext, dv, pl, es, it, ie, eo */ mv labels and aliases matching [[Property:P528]] or [[Property:P3083]] to mul
